2025-07-23 01:14:48,783 - __main__ - INFO - run_cli() started and logging configured.
2025-07-23 01:14:48,798 - __main__ - INFO - --gui flag is set, calling run_gui()
2025-07-23 01:14:48,798 - __main__ - INFO - run_gui() started
2025-07-23 01:14:49,791 - hrneowave.core.signal_bus - INFO - PySide6 imported
2025-07-23 01:14:50,313 - __main__ - CRITICAL - Erreur lors du lancement: name 'QObject' is not defined
Traceback (most recent call last):
  File "C:\Users\LEM\Desktop\chneowave\src\hrneowave\cli.py", line 57, in run_gui
    from hrneowave.gui.main_window import MainWindow
  File "C:\Users\LEM\Desktop\chneowave\src\hrneowave\gui\main_window.py", line 17, in <module>
    from hrneowave.gui.controllers.acquisition_controller import AcquisitionController
  File "C:\Users\LEM\Desktop\chneowave\src\hrneowave\gui\controllers\__init__.py", line 6, in <module>
    from .acquisition_controller import AcquisitionController, create_acquisition_controller
  File "C:\Users\LEM\Desktop\chneowave\src\hrneowave\gui\controllers\acquisition_controller.py", line 176, in <module>
    class AcquisitionController(QObject):
                                ^^^^^^^
NameError: name 'QObject' is not defined
2025-07-29 00:57:02,404 - hrneowave.core.signal_bus - INFO - PySide6 imported
2025-07-29 00:57:02,460 - hrneowave.gui.main_window - WARNING - Système d'animations Phase 6 non disponible
2025-07-29 00:57:02,470 - hrneowave.gui.preferences.user_preferences - INFO - Préférences utilisateur chargées avec succès
2025-07-29 00:57:02,470 - hrneowave.gui.main_window - INFO - Début de la construction de l'interface...
2025-07-29 00:57:02,536 - hrneowave.gui.view_manager - INFO - Signaux unifiés non disponibles
2025-07-29 00:57:02,536 - hrneowave.gui.view_manager - INFO - ViewManager initialisé
2025-07-29 00:57:02,536 - hrneowave.gui.main_window - INFO - Création et enregistrement des vues v2
2025-07-29 00:57:02,559 - hrneowave.gui.view_manager - INFO - Vue 'welcome' enregistrée avec succès dans le QStackedWidget à l'index 0
2025-07-29 00:57:02,584 - hrneowave.gui.view_manager - INFO - Vue 'dashboard' enregistrée avec succès dans le QStackedWidget à l'index 1
2025-07-29 00:57:02,586 - hrneowave.gui.view_manager - INFO - Changement vers la vue 'welcome'
2025-07-29 00:57:02,589 - hrneowave.gui.components.breadcrumbs - INFO - Étape actuelle mise à jour: welcome
2025-07-29 00:57:02,590 - hrneowave.gui.main_window - INFO - Interface construite avec succès
2025-07-29 00:57:02,590 - hrneowave.gui.main_window - INFO - Configuration des connexions...
2025-07-29 00:57:02,590 - hrneowave.gui.main_window - INFO - Connexions configurées avec succès
2025-07-29 00:57:02,590 - hrneowave.gui.main_window - INFO - Configuration des indicateurs de statut...
2025-07-29 00:57:02,590 - hrneowave.gui.main_window - INFO - Indicateurs de statut configurés avec succès
2025-07-29 00:57:02,590 - hrneowave.gui.main_window - INFO - Installation de l'aide contextuelle...
2025-07-29 00:57:02,590 - hrneowave.gui.main_window - INFO - Aide contextuelle installée avec succès
2025-07-29 00:57:02,590 - hrneowave.gui.main_window - INFO - Interface utilisateur v2 chargée avec succès
2025-07-29 00:58:22,260 - hrneowave.gui.styles.theme_manager - INFO - Chargement du thème 'maritime_modern'
2025-07-29 00:58:22,260 - hrneowave.gui.styles.theme_manager - INFO - Animations maritimes chargées
2025-07-29 00:58:22,260 - hrneowave.gui.styles.theme_manager - INFO - Thème 'maritime_modern' appliqué avec succès.
2025-07-29 00:58:22,999 - hrneowave.core.signal_bus - INFO - PySide6 imported
2025-07-29 00:58:23,069 - hrneowave.gui.main_window - WARNING - Système d'animations Phase 6 non disponible
2025-07-29 00:58:23,079 - hrneowave.gui.preferences.user_preferences - INFO - Préférences utilisateur chargées avec succès
2025-07-29 00:58:23,079 - hrneowave.gui.main_window - INFO - Début de la construction de l'interface...
2025-07-29 00:58:23,178 - hrneowave.gui.view_manager - INFO - Signaux unifiés non disponibles
2025-07-29 00:58:23,178 - hrneowave.gui.view_manager - INFO - ViewManager initialisé
2025-07-29 00:58:23,178 - hrneowave.gui.main_window - INFO - Création et enregistrement des vues v2
2025-07-29 00:58:23,210 - hrneowave.gui.view_manager - INFO - Vue 'welcome' enregistrée avec succès dans le QStackedWidget à l'index 0
2025-07-29 00:58:23,244 - hrneowave.gui.view_manager - INFO - Vue 'dashboard' enregistrée avec succès dans le QStackedWidget à l'index 1
2025-07-29 00:58:23,244 - hrneowave.gui.view_manager - INFO - Changement vers la vue 'welcome'
2025-07-29 00:58:23,256 - hrneowave.gui.components.breadcrumbs - INFO - Étape actuelle mise à jour: welcome
2025-07-29 00:58:23,256 - hrneowave.gui.main_window - INFO - Interface construite avec succès
2025-07-29 00:58:23,256 - hrneowave.gui.main_window - INFO - Configuration des connexions...
2025-07-29 00:58:23,256 - hrneowave.gui.main_window - INFO - Connexions configurées avec succès
2025-07-29 00:58:23,256 - hrneowave.gui.main_window - INFO - Configuration des indicateurs de statut...
2025-07-29 00:58:23,260 - hrneowave.gui.main_window - INFO - Indicateurs de statut configurés avec succès
2025-07-29 00:58:23,260 - hrneowave.gui.main_window - INFO - Installation de l'aide contextuelle...
2025-07-29 00:58:23,260 - hrneowave.gui.main_window - INFO - Aide contextuelle installée avec succès
2025-07-29 00:58:23,260 - hrneowave.gui.main_window - INFO - Interface utilisateur v2 chargée avec succès
2025-07-29 01:06:02,085 - hrneowave.gui.styles.theme_manager - INFO - Chargement du thème 'maritime_modern'
2025-07-29 01:06:02,085 - hrneowave.gui.styles.theme_manager - INFO - Animations maritimes chargées
2025-07-29 01:06:02,085 - hrneowave.gui.styles.theme_manager - INFO - Thème 'maritime_modern' appliqué avec succès.
2025-07-29 01:06:03,060 - hrneowave.core.signal_bus - INFO - PySide6 imported
2025-07-29 01:06:03,137 - hrneowave.gui.main_window - WARNING - Système d'animations Phase 6 non disponible
2025-07-29 01:06:03,169 - hrneowave.gui.preferences.user_preferences - INFO - Préférences utilisateur chargées avec succès
2025-07-29 01:06:03,171 - hrneowave.gui.main_window - INFO - Début de la construction de l'interface...
2025-07-29 01:06:03,305 - hrneowave.gui.view_manager - INFO - Signaux unifiés non disponibles
2025-07-29 01:06:03,307 - hrneowave.gui.view_manager - INFO - ViewManager initialisé
2025-07-29 01:06:03,307 - hrneowave.gui.main_window - INFO - Création et enregistrement des vues v2
2025-07-29 01:06:03,353 - hrneowave.gui.view_manager - INFO - Vue 'welcome' enregistrée avec succès dans le QStackedWidget à l'index 0
2025-07-29 01:06:03,411 - hrneowave.gui.view_manager - INFO - Vue 'dashboard' enregistrée avec succès dans le QStackedWidget à l'index 1
2025-07-29 01:06:03,411 - hrneowave.gui.view_manager - INFO - Changement vers la vue 'welcome'
2025-07-29 01:06:03,411 - hrneowave.gui.components.breadcrumbs - INFO - Étape actuelle mise à jour: welcome
2025-07-29 01:06:03,411 - hrneowave.gui.main_window - INFO - Interface construite avec succès
2025-07-29 01:06:03,411 - hrneowave.gui.main_window - INFO - Configuration des connexions...
2025-07-29 01:06:03,411 - hrneowave.gui.main_window - INFO - Connexions configurées avec succès
2025-07-29 01:06:03,411 - hrneowave.gui.main_window - INFO - Configuration des indicateurs de statut...
2025-07-29 01:06:03,411 - hrneowave.gui.main_window - INFO - Indicateurs de statut configurés avec succès
2025-07-29 01:06:03,411 - hrneowave.gui.main_window - INFO - Installation de l'aide contextuelle...
2025-07-29 01:06:03,411 - hrneowave.gui.main_window - INFO - Aide contextuelle installée avec succès
2025-07-29 01:06:03,418 - hrneowave.gui.main_window - INFO - Interface utilisateur v2 chargée avec succès
2025-07-29 01:08:01,342 - hrneowave.gui.styles.theme_manager - INFO - Chargement du thème 'maritime_modern'
2025-07-29 01:08:01,342 - hrneowave.gui.styles.theme_manager - INFO - Animations maritimes chargées
2025-07-29 01:08:01,345 - hrneowave.gui.styles.theme_manager - INFO - Thème 'maritime_modern' appliqué avec succès.
2025-07-29 01:08:02,078 - hrneowave.core.signal_bus - INFO - PySide6 imported
2025-07-29 01:08:02,147 - hrneowave.gui.main_window - WARNING - Système d'animations Phase 6 non disponible
2025-07-29 01:08:02,159 - hrneowave.gui.preferences.user_preferences - INFO - Préférences utilisateur chargées avec succès
2025-07-29 01:08:02,168 - hrneowave.gui.main_window - INFO - Début de la construction de l'interface...
2025-07-29 01:08:02,259 - hrneowave.gui.view_manager - INFO - Signaux unifiés non disponibles
2025-07-29 01:08:02,259 - hrneowave.gui.view_manager - INFO - ViewManager initialisé
2025-07-29 01:08:02,259 - hrneowave.gui.main_window - INFO - Création et enregistrement des vues v2
2025-07-29 01:08:02,299 - hrneowave.gui.view_manager - INFO - Vue 'welcome' enregistrée avec succès dans le QStackedWidget à l'index 0
2025-07-29 01:08:02,354 - hrneowave.gui.view_manager - INFO - Vue 'dashboard' enregistrée avec succès dans le QStackedWidget à l'index 1
2025-07-29 01:08:02,356 - hrneowave.gui.view_manager - INFO - Changement vers la vue 'welcome'
2025-07-29 01:08:02,358 - hrneowave.gui.components.breadcrumbs - INFO - Étape actuelle mise à jour: welcome
2025-07-29 01:08:02,359 - hrneowave.gui.main_window - INFO - Interface construite avec succès
2025-07-29 01:08:02,359 - hrneowave.gui.main_window - INFO - Configuration des connexions...
2025-07-29 01:08:02,359 - hrneowave.gui.main_window - INFO - Connexions configurées avec succès
2025-07-29 01:08:02,359 - hrneowave.gui.main_window - INFO - Configuration des indicateurs de statut...
2025-07-29 01:08:02,361 - hrneowave.gui.main_window - INFO - Indicateurs de statut configurés avec succès
2025-07-29 01:08:02,361 - hrneowave.gui.main_window - INFO - Installation de l'aide contextuelle...
2025-07-29 01:08:02,361 - hrneowave.gui.main_window - INFO - Aide contextuelle installée avec succès
2025-07-29 01:08:02,361 - hrneowave.gui.main_window - INFO - Interface utilisateur v2 chargée avec succès
2025-07-29 01:17:32,034 - hrneowave.gui.styles.theme_manager - INFO - Chargement du thème 'maritime_modern'
2025-07-29 01:17:32,035 - hrneowave.gui.styles.theme_manager - INFO - Animations maritimes chargées
2025-07-29 01:17:32,037 - hrneowave.gui.styles.theme_manager - INFO - Thème 'maritime_modern' appliqué avec succès.
2025-07-29 01:17:32,755 - hrneowave.core.signal_bus - INFO - PySide6 imported
2025-07-29 01:17:32,825 - hrneowave.gui.main_window - WARNING - Système d'animations Phase 6 non disponible
2025-07-29 01:17:32,953 - hrneowave.gui.preferences.user_preferences - INFO - Préférences utilisateur chargées avec succès
2025-07-29 01:17:32,953 - hrneowave.gui.main_window - INFO - Début de la construction de l'interface...
2025-07-29 01:17:33,042 - hrneowave.gui.view_manager - INFO - Signaux unifiés non disponibles
2025-07-29 01:17:33,042 - hrneowave.gui.view_manager - INFO - ViewManager initialisé
2025-07-29 01:17:33,042 - hrneowave.gui.main_window - INFO - Création et enregistrement des vues v2
2025-07-29 01:17:33,075 - hrneowave.gui.view_manager - INFO - Vue 'welcome' enregistrée avec succès dans le QStackedWidget à l'index 0
2025-07-29 01:17:33,114 - hrneowave.gui.view_manager - INFO - Vue 'dashboard' enregistrée avec succès dans le QStackedWidget à l'index 1
2025-07-29 01:17:33,114 - hrneowave.gui.view_manager - INFO - Changement vers la vue 'welcome'
2025-07-29 01:17:33,124 - hrneowave.gui.components.breadcrumbs - INFO - Étape actuelle mise à jour: welcome
2025-07-29 01:17:33,124 - hrneowave.gui.main_window - INFO - Interface construite avec succès
2025-07-29 01:17:33,124 - hrneowave.gui.main_window - INFO - Configuration des connexions...
2025-07-29 01:17:33,124 - hrneowave.gui.main_window - INFO - Connexions configurées avec succès
2025-07-29 01:17:33,124 - hrneowave.gui.main_window - INFO - Configuration des indicateurs de statut...
2025-07-29 01:17:33,124 - hrneowave.gui.main_window - INFO - Indicateurs de statut configurés avec succès
2025-07-29 01:17:33,124 - hrneowave.gui.main_window - INFO - Installation de l'aide contextuelle...
2025-07-29 01:17:33,124 - hrneowave.gui.main_window - INFO - Aide contextuelle installée avec succès
2025-07-29 01:17:33,124 - hrneowave.gui.main_window - INFO - Interface utilisateur v2 chargée avec succès
2025-07-29 01:19:10,327 - hrneowave.gui.styles.theme_manager - INFO - Chargement du thème 'maritime_modern'
2025-07-29 01:19:10,329 - hrneowave.gui.styles.theme_manager - INFO - Animations maritimes chargées
2025-07-29 01:19:10,329 - hrneowave.gui.styles.theme_manager - INFO - Thème 'maritime_modern' appliqué avec succès.
2025-07-29 01:19:11,085 - hrneowave.core.signal_bus - INFO - PySide6 imported
2025-07-29 01:19:11,159 - hrneowave.gui.main_window - WARNING - Système d'animations Phase 6 non disponible
2025-07-29 01:19:11,176 - hrneowave.gui.preferences.user_preferences - INFO - Préférences utilisateur chargées avec succès
2025-07-29 01:19:11,176 - hrneowave.gui.main_window - INFO - Début de la construction de l'interface...
2025-07-29 01:19:11,270 - hrneowave.gui.view_manager - INFO - Signaux unifiés non disponibles
2025-07-29 01:19:11,271 - hrneowave.gui.view_manager - INFO - ViewManager initialisé
2025-07-29 01:19:11,272 - hrneowave.gui.main_window - INFO - Création et enregistrement des vues v2
2025-07-29 01:19:11,300 - hrneowave.gui.view_manager - INFO - Vue 'welcome' enregistrée avec succès dans le QStackedWidget à l'index 0
2025-07-29 01:19:11,345 - hrneowave.gui.view_manager - INFO - Vue 'dashboard' enregistrée avec succès dans le QStackedWidget à l'index 1
2025-07-29 01:19:11,345 - hrneowave.gui.view_manager - INFO - Changement vers la vue 'welcome'
2025-07-29 01:19:11,345 - hrneowave.gui.components.breadcrumbs - INFO - Étape actuelle mise à jour: welcome
2025-07-29 01:19:11,352 - hrneowave.gui.main_window - INFO - Interface construite avec succès
2025-07-29 01:19:11,352 - hrneowave.gui.main_window - INFO - Configuration des connexions...
2025-07-29 01:19:11,353 - hrneowave.gui.main_window - INFO - Connexions configurées avec succès
2025-07-29 01:19:11,353 - hrneowave.gui.main_window - INFO - Configuration des indicateurs de statut...
2025-07-29 01:19:11,353 - hrneowave.gui.main_window - INFO - Indicateurs de statut configurés avec succès
2025-07-29 01:19:11,353 - hrneowave.gui.main_window - INFO - Installation de l'aide contextuelle...
2025-07-29 01:19:11,354 - hrneowave.gui.main_window - INFO - Aide contextuelle installée avec succès
2025-07-29 01:19:11,354 - hrneowave.gui.main_window - INFO - Interface utilisateur v2 chargée avec succès
2025-07-29 01:21:12,270 - hrneowave.gui.styles.theme_manager - INFO - Chargement du thème 'maritime_modern'
2025-07-29 01:21:12,271 - hrneowave.gui.styles.theme_manager - INFO - Animations maritimes chargées
2025-07-29 01:21:12,273 - hrneowave.gui.styles.theme_manager - INFO - Thème 'maritime_modern' appliqué avec succès.
2025-07-29 01:21:12,959 - hrneowave.core.signal_bus - INFO - PySide6 imported
2025-07-29 01:21:13,051 - hrneowave.gui.main_window - WARNING - Système d'animations Phase 6 non disponible
2025-07-29 01:21:13,067 - hrneowave.gui.preferences.user_preferences - INFO - Préférences utilisateur chargées avec succès
2025-07-29 01:21:13,067 - hrneowave.gui.main_window - INFO - Début de la construction de l'interface...
2025-07-29 01:21:13,187 - hrneowave.gui.view_manager - INFO - Signaux unifiés non disponibles
2025-07-29 01:21:13,187 - hrneowave.gui.view_manager - INFO - ViewManager initialisé
2025-07-29 01:21:13,188 - hrneowave.gui.main_window - INFO - Création et enregistrement des vues v2
2025-07-29 01:21:13,209 - hrneowave.gui.view_manager - INFO - Vue 'welcome' enregistrée avec succès dans le QStackedWidget à l'index 0
2025-07-29 01:21:13,243 - hrneowave.gui.view_manager - INFO - Vue 'dashboard' enregistrée avec succès dans le QStackedWidget à l'index 1
2025-07-29 01:21:13,245 - hrneowave.gui.view_manager - INFO - Changement vers la vue 'welcome'
2025-07-29 01:21:13,246 - hrneowave.gui.components.breadcrumbs - INFO - Étape actuelle mise à jour: welcome
2025-07-29 01:21:13,248 - hrneowave.gui.main_window - INFO - Interface construite avec succès
2025-07-29 01:21:13,248 - hrneowave.gui.main_window - INFO - Configuration des connexions...
2025-07-29 01:21:13,249 - hrneowave.gui.main_window - INFO - Connexions configurées avec succès
2025-07-29 01:21:13,249 - hrneowave.gui.main_window - INFO - Configuration des indicateurs de statut...
2025-07-29 01:21:13,249 - hrneowave.gui.main_window - INFO - Indicateurs de statut configurés avec succès
2025-07-29 01:21:13,249 - hrneowave.gui.main_window - INFO - Installation de l'aide contextuelle...
2025-07-29 01:21:13,250 - hrneowave.gui.main_window - INFO - Aide contextuelle installée avec succès
2025-07-29 01:21:13,250 - hrneowave.gui.main_window - INFO - Interface utilisateur v2 chargée avec succès
2025-07-29 01:29:18,666 - hrneowave.gui.styles.theme_manager - INFO - Chargement du thème 'maritime_modern'
2025-07-29 01:29:18,667 - hrneowave.gui.styles.theme_manager - INFO - Animations maritimes chargées
2025-07-29 01:29:18,668 - hrneowave.gui.styles.theme_manager - INFO - Thème 'maritime_modern' appliqué avec succès.
2025-07-29 01:29:19,359 - hrneowave.core.signal_bus - INFO - PySide6 imported
2025-07-29 01:29:19,440 - hrneowave.gui.main_window - WARNING - Système d'animations Phase 6 non disponible
2025-07-29 01:29:19,457 - hrneowave.gui.preferences.user_preferences - INFO - Préférences utilisateur chargées avec succès
2025-07-29 01:29:19,458 - hrneowave.gui.main_window - INFO - Début de la construction de l'interface...
2025-07-29 01:29:19,542 - hrneowave.gui.view_manager - INFO - Signaux unifiés non disponibles
2025-07-29 01:29:19,542 - hrneowave.gui.view_manager - INFO - ViewManager initialisé
2025-07-29 01:29:19,542 - hrneowave.gui.main_window - INFO - Création et enregistrement des vues v2
2025-07-29 01:29:19,569 - hrneowave.gui.view_manager - INFO - Vue 'welcome' enregistrée avec succès dans le QStackedWidget à l'index 0
2025-07-29 01:29:19,609 - hrneowave.gui.view_manager - INFO - Vue 'dashboard' enregistrée avec succès dans le QStackedWidget à l'index 1
2025-07-29 01:29:19,611 - hrneowave.gui.view_manager - INFO - Changement vers la vue 'welcome'
2025-07-29 01:29:19,611 - hrneowave.gui.components.breadcrumbs - INFO - Étape actuelle mise à jour: welcome
2025-07-29 01:29:19,611 - hrneowave.gui.main_window - INFO - Interface construite avec succès
2025-07-29 01:29:19,611 - hrneowave.gui.main_window - INFO - Configuration des connexions...
2025-07-29 01:29:19,611 - hrneowave.gui.main_window - INFO - Connexions configurées avec succès
2025-07-29 01:29:19,611 - hrneowave.gui.main_window - INFO - Configuration des indicateurs de statut...
2025-07-29 01:29:19,611 - hrneowave.gui.main_window - INFO - Indicateurs de statut configurés avec succès
2025-07-29 01:29:19,611 - hrneowave.gui.main_window - INFO - Installation de l'aide contextuelle...
2025-07-29 01:29:19,611 - hrneowave.gui.main_window - INFO - Aide contextuelle installée avec succès
2025-07-29 01:29:19,611 - hrneowave.gui.main_window - INFO - Interface utilisateur v2 chargée avec succès
2025-07-29 01:30:09,645 - hrneowave.gui.styles.theme_manager - INFO - Chargement du thème 'maritime_modern'
2025-07-29 01:30:09,646 - hrneowave.gui.styles.theme_manager - INFO - Animations maritimes chargées
2025-07-29 01:30:09,648 - hrneowave.gui.styles.theme_manager - INFO - Thème 'maritime_modern' appliqué avec succès.
2025-07-29 01:30:10,275 - hrneowave.core.signal_bus - INFO - PySide6 imported
2025-07-29 01:30:10,354 - hrneowave.gui.main_window - WARNING - Système d'animations Phase 6 non disponible
2025-07-29 01:30:10,371 - hrneowave.gui.preferences.user_preferences - INFO - Préférences utilisateur chargées avec succès
2025-07-29 01:30:10,372 - hrneowave.gui.main_window - INFO - Début de la construction de l'interface...
2025-07-29 01:30:10,459 - hrneowave.gui.view_manager - INFO - Signaux unifiés non disponibles
2025-07-29 01:30:10,459 - hrneowave.gui.view_manager - INFO - ViewManager initialisé
2025-07-29 01:30:10,460 - hrneowave.gui.main_window - INFO - Création et enregistrement des vues v2
2025-07-29 01:30:10,483 - hrneowave.gui.view_manager - INFO - Vue 'welcome' enregistrée avec succès dans le QStackedWidget à l'index 0
2025-07-29 01:30:10,523 - hrneowave.gui.view_manager - INFO - Vue 'dashboard' enregistrée avec succès dans le QStackedWidget à l'index 1
2025-07-29 01:30:10,523 - hrneowave.gui.view_manager - INFO - Changement vers la vue 'welcome'
2025-07-29 01:30:10,523 - hrneowave.gui.components.breadcrumbs - INFO - Étape actuelle mise à jour: welcome
2025-07-29 01:30:10,523 - hrneowave.gui.main_window - INFO - Interface construite avec succès
2025-07-29 01:30:10,523 - hrneowave.gui.main_window - INFO - Configuration des connexions...
2025-07-29 01:30:10,523 - hrneowave.gui.main_window - INFO - Connexions configurées avec succès
2025-07-29 01:30:10,523 - hrneowave.gui.main_window - INFO - Configuration des indicateurs de statut...
2025-07-29 01:30:10,523 - hrneowave.gui.main_window - INFO - Indicateurs de statut configurés avec succès
2025-07-29 01:30:10,533 - hrneowave.gui.main_window - INFO - Installation de l'aide contextuelle...
2025-07-29 01:30:10,533 - hrneowave.gui.main_window - INFO - Aide contextuelle installée avec succès
2025-07-29 01:30:10,533 - hrneowave.gui.main_window - INFO - Interface utilisateur v2 chargée avec succès
2025-07-29 01:34:38,609 - hrneowave.gui.styles.theme_manager - INFO - Chargement du thème 'maritime_modern'
2025-07-29 01:34:38,609 - hrneowave.gui.styles.theme_manager - INFO - Animations maritimes chargées
2025-07-29 01:34:38,609 - hrneowave.gui.styles.theme_manager - INFO - Thème 'maritime_modern' appliqué avec succès.
2025-07-29 01:34:51,233 - hrneowave.gui.styles.theme_manager - INFO - Chargement du thème 'maritime_modern'
2025-07-29 01:34:51,233 - hrneowave.gui.styles.theme_manager - INFO - Animations maritimes chargées
2025-07-29 01:34:51,233 - hrneowave.gui.styles.theme_manager - INFO - Thème 'maritime_modern' appliqué avec succès.
2025-07-29 01:35:23,226 - hrneowave.gui.styles.theme_manager - INFO - Chargement du thème 'maritime_modern'
2025-07-29 01:35:23,226 - hrneowave.gui.styles.theme_manager - INFO - Animations maritimes chargées
2025-07-29 01:35:23,226 - hrneowave.gui.styles.theme_manager - INFO - Thème 'maritime_modern' appliqué avec succès.
2025-07-29 01:36:28,810 - hrneowave.gui.styles.theme_manager - INFO - Chargement du thème 'maritime_modern'
2025-07-29 01:36:28,810 - hrneowave.gui.styles.theme_manager - INFO - Animations maritimes chargées
2025-07-29 01:36:28,810 - hrneowave.gui.styles.theme_manager - INFO - Thème 'maritime_modern' appliqué avec succès.
2025-07-29 01:37:36,331 - hrneowave.gui.styles.theme_manager - INFO - Chargement du thème 'maritime_modern'
2025-07-29 01:37:36,331 - hrneowave.gui.styles.theme_manager - INFO - Animations maritimes chargées
2025-07-29 01:37:36,338 - hrneowave.gui.styles.theme_manager - INFO - Thème 'maritime_modern' appliqué avec succès.
2025-07-29 01:37:36,985 - hrneowave.core.signal_bus - INFO - PySide6 imported
2025-07-29 01:37:37,062 - hrneowave.gui.main_window - WARNING - Système d'animations Phase 6 non disponible
2025-07-29 01:37:37,079 - hrneowave.gui.preferences.user_preferences - INFO - Préférences utilisateur chargées avec succès
2025-07-29 01:37:37,080 - hrneowave.gui.main_window - INFO - Début de la construction de l'interface...
2025-07-29 01:37:37,159 - hrneowave.gui.view_manager - INFO - Signaux unifiés non disponibles
2025-07-29 01:37:37,159 - hrneowave.gui.view_manager - INFO - ViewManager initialisé
2025-07-29 01:37:37,159 - hrneowave.gui.main_window - INFO - Création et enregistrement des vues v2
2025-07-29 01:37:37,190 - hrneowave.gui.view_manager - INFO - Vue 'welcome' enregistrée avec succès dans le QStackedWidget à l'index 0
2025-07-29 01:37:37,237 - hrneowave.gui.view_manager - INFO - Vue 'dashboard' enregistrée avec succès dans le QStackedWidget à l'index 1
2025-07-29 01:37:37,237 - hrneowave.gui.view_manager - INFO - Changement vers la vue 'welcome'
2025-07-29 01:37:37,237 - hrneowave.gui.components.breadcrumbs - INFO - Étape actuelle mise à jour: welcome
2025-07-29 01:37:37,237 - hrneowave.gui.main_window - INFO - Interface construite avec succès
2025-07-29 01:37:37,237 - hrneowave.gui.main_window - INFO - Configuration des connexions...
2025-07-29 01:37:37,237 - hrneowave.gui.main_window - INFO - Connexions configurées avec succès
2025-07-29 01:37:37,237 - hrneowave.gui.main_window - INFO - Configuration des indicateurs de statut...
2025-07-29 01:37:37,237 - hrneowave.gui.main_window - INFO - Indicateurs de statut configurés avec succès
2025-07-29 01:37:37,237 - hrneowave.gui.main_window - INFO - Installation de l'aide contextuelle...
2025-07-29 01:37:37,237 - hrneowave.gui.main_window - INFO - Aide contextuelle installée avec succès
2025-07-29 01:37:37,237 - hrneowave.gui.main_window - INFO - Interface utilisateur v2 chargée avec succès
2025-07-29 01:37:50,017 - hrneowave.gui.styles.theme_manager - INFO - Chargement du thème 'maritime_modern'
2025-07-29 01:37:50,018 - hrneowave.gui.styles.theme_manager - INFO - Animations maritimes chargées
2025-07-29 01:37:50,019 - hrneowave.gui.styles.theme_manager - INFO - Thème 'maritime_modern' appliqué avec succès.
2025-07-29 01:37:56,264 - hrneowave.gui.styles.theme_manager - INFO - Chargement du thème 'maritime_modern'
2025-07-29 01:37:56,265 - hrneowave.gui.styles.theme_manager - INFO - Animations maritimes chargées
2025-07-29 01:37:56,267 - hrneowave.gui.styles.theme_manager - INFO - Thème 'maritime_modern' appliqué avec succès.
2025-07-29 01:40:40,890 - hrneowave.gui.styles.theme_manager - INFO - Chargement du thème 'maritime_modern'
2025-07-29 01:40:40,891 - hrneowave.gui.styles.theme_manager - INFO - Animations maritimes chargées
2025-07-29 01:40:40,894 - hrneowave.gui.styles.theme_manager - INFO - Thème 'maritime_modern' appliqué avec succès.
2025-07-29 01:40:41,485 - hrneowave.core.signal_bus - INFO - PySide6 imported
2025-07-29 01:40:41,558 - hrneowave.gui.main_window - WARNING - Système d'animations Phase 6 non disponible
2025-07-29 01:40:41,573 - hrneowave.gui.preferences.user_preferences - INFO - Préférences utilisateur chargées avec succès
2025-07-29 01:40:41,573 - hrneowave.gui.main_window - INFO - Début de la construction de l'interface...
2025-07-29 01:40:41,660 - hrneowave.gui.view_manager - INFO - Signaux unifiés non disponibles
2025-07-29 01:40:41,660 - hrneowave.gui.view_manager - INFO - ViewManager initialisé
2025-07-29 01:40:41,660 - hrneowave.gui.main_window - INFO - Création et enregistrement des vues v2
2025-07-29 01:40:41,683 - hrneowave.gui.view_manager - INFO - Vue 'welcome' enregistrée avec succès dans le QStackedWidget à l'index 0
2025-07-29 01:40:41,739 - hrneowave.gui.view_manager - INFO - Vue 'dashboard' enregistrée avec succès dans le QStackedWidget à l'index 1
2025-07-29 01:40:41,741 - hrneowave.gui.view_manager - INFO - Changement vers la vue 'welcome'
2025-07-29 01:40:41,742 - hrneowave.gui.components.breadcrumbs - INFO - Étape actuelle mise à jour: welcome
2025-07-29 01:40:41,743 - hrneowave.gui.main_window - INFO - Interface construite avec succès
2025-07-29 01:40:41,743 - hrneowave.gui.main_window - INFO - Configuration des connexions...
2025-07-29 01:40:41,744 - hrneowave.gui.main_window - INFO - Connexions configurées avec succès
2025-07-29 01:40:41,744 - hrneowave.gui.main_window - INFO - Configuration des indicateurs de statut...
2025-07-29 01:40:41,744 - hrneowave.gui.main_window - INFO - Indicateurs de statut configurés avec succès
2025-07-29 01:40:41,744 - hrneowave.gui.main_window - INFO - Installation de l'aide contextuelle...
2025-07-29 01:40:41,745 - hrneowave.gui.main_window - INFO - Aide contextuelle installée avec succès
2025-07-29 01:40:41,745 - hrneowave.gui.main_window - INFO - Interface utilisateur v2 chargée avec succès
2025-07-29 01:41:51,092 - hrneowave.gui.styles.theme_manager - INFO - Chargement du thème 'maritime_modern'
2025-07-29 01:41:51,092 - hrneowave.gui.styles.theme_manager - INFO - Animations maritimes chargées
2025-07-29 01:41:51,092 - hrneowave.gui.styles.theme_manager - INFO - Thème 'maritime_modern' appliqué avec succès.
2025-07-29 01:41:51,878 - hrneowave.core.signal_bus - INFO - PySide6 imported
2025-07-29 01:41:51,959 - hrneowave.gui.main_window - WARNING - Système d'animations Phase 6 non disponible
2025-07-29 01:41:51,987 - hrneowave.gui.preferences.user_preferences - INFO - Préférences utilisateur chargées avec succès
2025-07-29 01:41:51,987 - hrneowave.gui.main_window - INFO - Début de la construction de l'interface...
2025-07-29 01:41:52,081 - hrneowave.gui.view_manager - INFO - Signaux unifiés non disponibles
2025-07-29 01:41:52,081 - hrneowave.gui.view_manager - INFO - ViewManager initialisé
2025-07-29 01:41:52,081 - hrneowave.gui.main_window - INFO - Création et enregistrement des vues v2
2025-07-29 01:41:52,110 - hrneowave.gui.view_manager - INFO - Vue 'welcome' enregistrée avec succès dans le QStackedWidget à l'index 0
2025-07-29 01:41:52,140 - hrneowave.gui.view_manager - INFO - Vue 'dashboard' enregistrée avec succès dans le QStackedWidget à l'index 1
2025-07-29 01:41:52,140 - hrneowave.gui.view_manager - INFO - Changement vers la vue 'welcome'
2025-07-29 01:41:52,155 - hrneowave.gui.components.breadcrumbs - INFO - Étape actuelle mise à jour: welcome
2025-07-29 01:41:52,155 - hrneowave.gui.main_window - INFO - Interface construite avec succès
2025-07-29 01:41:52,155 - hrneowave.gui.main_window - INFO - Configuration des connexions...
2025-07-29 01:41:52,155 - hrneowave.gui.main_window - INFO - Connexions configurées avec succès
2025-07-29 01:41:52,155 - hrneowave.gui.main_window - INFO - Configuration des indicateurs de statut...
2025-07-29 01:41:52,155 - hrneowave.gui.main_window - INFO - Indicateurs de statut configurés avec succès
2025-07-29 01:41:52,155 - hrneowave.gui.main_window - INFO - Installation de l'aide contextuelle...
2025-07-29 01:41:52,159 - hrneowave.gui.main_window - INFO - Aide contextuelle installée avec succès
2025-07-29 01:41:52,160 - hrneowave.gui.main_window - INFO - Interface utilisateur v2 chargée avec succès
2025-07-29 01:42:03,544 - hrneowave.gui.styles.theme_manager - INFO - Chargement du thème 'maritime_modern'
2025-07-29 01:42:03,544 - hrneowave.gui.styles.theme_manager - INFO - Animations maritimes chargées
2025-07-29 01:42:03,544 - hrneowave.gui.styles.theme_manager - INFO - Thème 'maritime_modern' appliqué avec succès.
2025-07-29 01:42:04,320 - hrneowave.core.signal_bus - INFO - PySide6 imported
2025-07-29 01:42:04,391 - hrneowave.gui.main_window - WARNING - Système d'animations Phase 6 non disponible
2025-07-29 01:42:04,411 - hrneowave.gui.preferences.user_preferences - INFO - Préférences utilisateur chargées avec succès
2025-07-29 01:42:04,413 - hrneowave.gui.main_window - INFO - Début de la construction de l'interface...
2025-07-29 01:42:04,501 - hrneowave.gui.view_manager - INFO - Signaux unifiés non disponibles
2025-07-29 01:42:04,501 - hrneowave.gui.view_manager - INFO - ViewManager initialisé
2025-07-29 01:42:04,501 - hrneowave.gui.main_window - INFO - Création et enregistrement des vues v2
2025-07-29 01:42:04,536 - hrneowave.gui.view_manager - INFO - Vue 'welcome' enregistrée avec succès dans le QStackedWidget à l'index 0
2025-07-29 01:42:04,579 - hrneowave.gui.view_manager - INFO - Vue 'dashboard' enregistrée avec succès dans le QStackedWidget à l'index 1
2025-07-29 01:42:04,581 - hrneowave.gui.view_manager - INFO - Changement vers la vue 'welcome'
2025-07-29 01:42:04,582 - hrneowave.gui.components.breadcrumbs - INFO - Étape actuelle mise à jour: welcome
2025-07-29 01:42:04,583 - hrneowave.gui.main_window - INFO - Interface construite avec succès
2025-07-29 01:42:04,583 - hrneowave.gui.main_window - INFO - Configuration des connexions...
2025-07-29 01:42:04,584 - hrneowave.gui.main_window - INFO - Connexions configurées avec succès
2025-07-29 01:42:04,584 - hrneowave.gui.main_window - INFO - Configuration des indicateurs de statut...
2025-07-29 01:42:04,584 - hrneowave.gui.main_window - INFO - Indicateurs de statut configurés avec succès
2025-07-29 01:42:04,584 - hrneowave.gui.main_window - INFO - Installation de l'aide contextuelle...
2025-07-29 01:42:04,584 - hrneowave.gui.main_window - INFO - Aide contextuelle installée avec succès
2025-07-29 01:42:04,584 - hrneowave.gui.main_window - INFO - Interface utilisateur v2 chargée avec succès
2025-07-29 01:42:56,478 - hrneowave.gui.styles.theme_manager - INFO - Chargement du thème 'maritime_modern'
2025-07-29 01:42:56,478 - hrneowave.gui.styles.theme_manager - INFO - Animations maritimes chargées
2025-07-29 01:42:56,478 - hrneowave.gui.styles.theme_manager - INFO - Thème 'maritime_modern' appliqué avec succès.
2025-07-29 01:42:57,200 - hrneowave.core.signal_bus - INFO - PySide6 imported
2025-07-29 01:42:57,259 - hrneowave.gui.main_window - WARNING - Système d'animations Phase 6 non disponible
2025-07-29 01:42:57,293 - hrneowave.gui.preferences.user_preferences - INFO - Préférences utilisateur chargées avec succès
2025-07-29 01:42:57,293 - hrneowave.gui.main_window - INFO - Début de la construction de l'interface...
2025-07-29 01:42:57,383 - hrneowave.gui.view_manager - INFO - Signaux unifiés non disponibles
2025-07-29 01:42:57,383 - hrneowave.gui.view_manager - INFO - ViewManager initialisé
2025-07-29 01:42:57,383 - hrneowave.gui.main_window - INFO - Création et enregistrement des vues v2
2025-07-29 01:42:57,413 - hrneowave.gui.view_manager - INFO - Vue 'welcome' enregistrée avec succès dans le QStackedWidget à l'index 0
2025-07-29 01:42:57,442 - hrneowave.gui.view_manager - INFO - Vue 'dashboard' enregistrée avec succès dans le QStackedWidget à l'index 1
2025-07-29 01:42:57,442 - hrneowave.gui.view_manager - INFO - Changement vers la vue 'welcome'
2025-07-29 01:42:57,442 - hrneowave.gui.components.breadcrumbs - INFO - Étape actuelle mise à jour: welcome
2025-07-29 01:42:57,456 - hrneowave.gui.main_window - INFO - Interface construite avec succès
2025-07-29 01:42:57,456 - hrneowave.gui.main_window - INFO - Configuration des connexions...
2025-07-29 01:42:57,457 - hrneowave.gui.main_window - INFO - Connexions configurées avec succès
2025-07-29 01:42:57,457 - hrneowave.gui.main_window - INFO - Configuration des indicateurs de statut...
2025-07-29 01:42:57,457 - hrneowave.gui.main_window - INFO - Indicateurs de statut configurés avec succès
2025-07-29 01:42:57,457 - hrneowave.gui.main_window - INFO - Installation de l'aide contextuelle...
2025-07-29 01:42:57,457 - hrneowave.gui.main_window - INFO - Aide contextuelle installée avec succès
2025-07-29 01:42:57,459 - hrneowave.gui.main_window - INFO - Interface utilisateur v2 chargée avec succès
2025-07-29 01:43:28,222 - hrneowave.gui.styles.theme_manager - INFO - Chargement du thème 'maritime_modern'
2025-07-29 01:43:28,223 - hrneowave.gui.styles.theme_manager - INFO - Animations maritimes chargées
2025-07-29 01:43:28,225 - hrneowave.gui.styles.theme_manager - INFO - Thème 'maritime_modern' appliqué avec succès.
2025-07-29 02:01:10,497 - hrneowave.gui.styles.theme_manager - INFO - Chargement du thème 'maritime_modern'
2025-07-29 02:01:10,499 - hrneowave.gui.styles.theme_manager - INFO - Animations maritimes chargées
2025-07-29 02:01:10,501 - hrneowave.gui.styles.theme_manager - INFO - Thème 'maritime_modern' appliqué avec succès.
2025-07-29 02:01:11,224 - hrneowave.core.signal_bus - INFO - PySide6 imported
2025-07-29 02:01:11,390 - hrneowave.gui.main_window - WARNING - Système d'animations Phase 6 non disponible
2025-07-29 02:01:11,404 - hrneowave.gui.preferences.user_preferences - INFO - Préférences utilisateur chargées avec succès
2025-07-29 02:01:11,405 - hrneowave.gui.main_window - INFO - Début de la construction de l'interface...
2025-07-29 02:01:11,492 - hrneowave.gui.view_manager - INFO - Signaux unifiés non disponibles
2025-07-29 02:01:11,492 - hrneowave.gui.view_manager - INFO - ViewManager initialisé
2025-07-29 02:01:11,493 - hrneowave.gui.main_window - INFO - Création et enregistrement des vues v2
2025-07-29 02:01:11,523 - hrneowave.gui.view_manager - INFO - Vue 'welcome' enregistrée avec succès dans le QStackedWidget à l'index 0
2025-07-29 02:01:11,564 - hrneowave.gui.view_manager - INFO - Vue 'dashboard' enregistrée avec succès dans le QStackedWidget à l'index 1
2025-07-29 02:01:11,565 - hrneowave.gui.view_manager - INFO - Changement vers la vue 'welcome'
2025-07-29 02:01:11,567 - hrneowave.gui.components.breadcrumbs - INFO - Étape actuelle mise à jour: welcome
2025-07-29 02:01:11,568 - hrneowave.gui.main_window - INFO - Interface construite avec succès
2025-07-29 02:01:11,568 - hrneowave.gui.main_window - INFO - Configuration des connexions...
2025-07-29 02:01:11,568 - hrneowave.gui.main_window - INFO - Connexions configurées avec succès
2025-07-29 02:01:11,569 - hrneowave.gui.main_window - INFO - Configuration des indicateurs de statut...
2025-07-29 02:01:11,569 - hrneowave.gui.main_window - INFO - Indicateurs de statut configurés avec succès
2025-07-29 02:01:11,569 - hrneowave.gui.main_window - INFO - Installation de l'aide contextuelle...
2025-07-29 02:01:11,570 - hrneowave.gui.main_window - INFO - Aide contextuelle installée avec succès
2025-07-29 02:01:11,570 - hrneowave.gui.main_window - INFO - Interface utilisateur v2 chargée avec succès
2025-07-29 02:01:21,069 - hrneowave.gui.styles.theme_manager - INFO - Chargement du thème 'maritime_modern'
2025-07-29 02:01:21,070 - hrneowave.gui.styles.theme_manager - INFO - Animations maritimes chargées
2025-07-29 02:01:21,072 - hrneowave.gui.styles.theme_manager - INFO - Thème 'maritime_modern' appliqué avec succès.
2025-07-29 02:01:21,677 - hrneowave.core.signal_bus - INFO - PySide6 imported
2025-07-29 02:01:21,735 - hrneowave.gui.main_window - WARNING - Système d'animations Phase 6 non disponible
2025-07-29 02:01:21,752 - hrneowave.gui.preferences.user_preferences - INFO - Préférences utilisateur chargées avec succès
2025-07-29 02:01:21,752 - hrneowave.gui.main_window - INFO - Début de la construction de l'interface...
2025-07-29 02:01:21,835 - hrneowave.gui.view_manager - INFO - Signaux unifiés non disponibles
2025-07-29 02:01:21,836 - hrneowave.gui.view_manager - INFO - ViewManager initialisé
2025-07-29 02:01:21,837 - hrneowave.gui.main_window - INFO - Création et enregistrement des vues v2
2025-07-29 02:01:21,859 - hrneowave.gui.view_manager - INFO - Vue 'welcome' enregistrée avec succès dans le QStackedWidget à l'index 0
2025-07-29 02:01:21,898 - hrneowave.gui.view_manager - INFO - Vue 'dashboard' enregistrée avec succès dans le QStackedWidget à l'index 1
2025-07-29 02:01:21,899 - hrneowave.gui.view_manager - INFO - Changement vers la vue 'welcome'
2025-07-29 02:01:21,901 - hrneowave.gui.components.breadcrumbs - INFO - Étape actuelle mise à jour: welcome
2025-07-29 02:01:21,902 - hrneowave.gui.main_window - INFO - Interface construite avec succès
2025-07-29 02:01:21,902 - hrneowave.gui.main_window - INFO - Configuration des connexions...
2025-07-29 02:01:21,903 - hrneowave.gui.main_window - INFO - Connexions configurées avec succès
2025-07-29 02:01:21,903 - hrneowave.gui.main_window - INFO - Configuration des indicateurs de statut...
2025-07-29 02:01:21,903 - hrneowave.gui.main_window - INFO - Indicateurs de statut configurés avec succès
2025-07-29 02:01:21,904 - hrneowave.gui.main_window - INFO - Installation de l'aide contextuelle...
2025-07-29 02:01:21,904 - hrneowave.gui.main_window - INFO - Aide contextuelle installée avec succès
2025-07-29 02:01:21,904 - hrneowave.gui.main_window - INFO - Interface utilisateur v2 chargée avec succès
2025-07-29 02:01:28,835 - hrneowave.gui.styles.theme_manager - INFO - Chargement du thème 'maritime_modern'
2025-07-29 02:01:28,835 - hrneowave.gui.styles.theme_manager - INFO - Animations maritimes chargées
2025-07-29 02:01:28,837 - hrneowave.gui.styles.theme_manager - INFO - Thème 'maritime_modern' appliqué avec succès.
2025-07-29 02:01:29,435 - hrneowave.core.signal_bus - INFO - PySide6 imported
2025-07-29 02:01:29,485 - hrneowave.gui.main_window - WARNING - Système d'animations Phase 6 non disponible
2025-07-29 02:01:29,508 - hrneowave.gui.preferences.user_preferences - INFO - Préférences utilisateur chargées avec succès
2025-07-29 02:01:29,508 - hrneowave.gui.main_window - INFO - Début de la construction de l'interface...
2025-07-29 02:01:29,579 - hrneowave.gui.view_manager - INFO - Signaux unifiés non disponibles
2025-07-29 02:01:29,579 - hrneowave.gui.view_manager - INFO - ViewManager initialisé
2025-07-29 02:01:29,579 - hrneowave.gui.main_window - INFO - Création et enregistrement des vues v2
2025-07-29 02:01:29,605 - hrneowave.gui.view_manager - INFO - Vue 'welcome' enregistrée avec succès dans le QStackedWidget à l'index 0
2025-07-29 02:01:29,642 - hrneowave.gui.view_manager - INFO - Vue 'dashboard' enregistrée avec succès dans le QStackedWidget à l'index 1
2025-07-29 02:01:29,642 - hrneowave.gui.view_manager - INFO - Changement vers la vue 'welcome'
2025-07-29 02:01:29,642 - hrneowave.gui.components.breadcrumbs - INFO - Étape actuelle mise à jour: welcome
2025-07-29 02:01:29,650 - hrneowave.gui.main_window - INFO - Interface construite avec succès
2025-07-29 02:01:29,652 - hrneowave.gui.main_window - INFO - Configuration des connexions...
2025-07-29 02:01:29,652 - hrneowave.gui.main_window - INFO - Connexions configurées avec succès
2025-07-29 02:01:29,652 - hrneowave.gui.main_window - INFO - Configuration des indicateurs de statut...
2025-07-29 02:01:29,652 - hrneowave.gui.main_window - INFO - Indicateurs de statut configurés avec succès
2025-07-29 02:01:29,653 - hrneowave.gui.main_window - INFO - Installation de l'aide contextuelle...
2025-07-29 02:01:29,653 - hrneowave.gui.main_window - INFO - Aide contextuelle installée avec succès
2025-07-29 02:01:29,653 - hrneowave.gui.main_window - INFO - Interface utilisateur v2 chargée avec succès
2025-07-29 02:02:04,602 - hrneowave.gui.styles.theme_manager - INFO - Chargement du thème 'maritime_modern'
2025-07-29 02:02:04,603 - hrneowave.gui.styles.theme_manager - INFO - Animations maritimes chargées
2025-07-29 02:02:04,605 - hrneowave.gui.styles.theme_manager - INFO - Thème 'maritime_modern' appliqué avec succès.
2025-07-29 02:02:05,261 - hrneowave.core.signal_bus - INFO - PySide6 imported
2025-07-29 02:02:05,320 - hrneowave.gui.main_window - WARNING - Système d'animations Phase 6 non disponible
2025-07-29 02:02:05,356 - hrneowave.gui.preferences.user_preferences - INFO - Préférences utilisateur chargées avec succès
2025-07-29 02:02:05,356 - hrneowave.gui.main_window - INFO - Début de la construction de l'interface...
2025-07-29 02:02:05,435 - hrneowave.gui.view_manager - INFO - Signaux unifiés non disponibles
2025-07-29 02:02:05,435 - hrneowave.gui.view_manager - INFO - ViewManager initialisé
2025-07-29 02:02:05,435 - hrneowave.gui.main_window - INFO - Création et enregistrement des vues v2
2025-07-29 02:02:05,464 - hrneowave.gui.view_manager - INFO - Vue 'welcome' enregistrée avec succès dans le QStackedWidget à l'index 0
2025-07-29 02:02:05,500 - hrneowave.gui.view_manager - INFO - Vue 'dashboard' enregistrée avec succès dans le QStackedWidget à l'index 1
2025-07-29 02:02:05,503 - hrneowave.gui.view_manager - INFO - Changement vers la vue 'welcome'
2025-07-29 02:02:05,504 - hrneowave.gui.components.breadcrumbs - INFO - Étape actuelle mise à jour: welcome
2025-07-29 02:02:05,506 - hrneowave.gui.main_window - INFO - Interface construite avec succès
2025-07-29 02:02:05,506 - hrneowave.gui.main_window - INFO - Configuration des connexions...
2025-07-29 02:02:05,507 - hrneowave.gui.main_window - INFO - Connexions configurées avec succès
2025-07-29 02:02:05,507 - hrneowave.gui.main_window - INFO - Configuration des indicateurs de statut...
2025-07-29 02:02:05,507 - hrneowave.gui.main_window - INFO - Indicateurs de statut configurés avec succès
2025-07-29 02:02:05,508 - hrneowave.gui.main_window - INFO - Installation de l'aide contextuelle...
2025-07-29 02:02:05,508 - hrneowave.gui.main_window - INFO - Aide contextuelle installée avec succès
2025-07-29 02:02:05,508 - hrneowave.gui.main_window - INFO - Interface utilisateur v2 chargée avec succès
2025-07-29 02:05:14,159 - hrneowave.gui.styles.theme_manager - INFO - Chargement du thème 'maritime_modern'
2025-07-29 02:05:14,159 - hrneowave.gui.styles.theme_manager - INFO - Animations maritimes chargées
2025-07-29 02:05:14,175 - hrneowave.gui.styles.theme_manager - INFO - Thème 'maritime_modern' appliqué avec succès.
2025-07-29 02:05:15,060 - hrneowave.core.signal_bus - INFO - PySide6 imported
2025-07-29 02:05:15,135 - hrneowave.gui.main_window - WARNING - Système d'animations Phase 6 non disponible
2025-07-29 02:05:15,151 - hrneowave.gui.preferences.user_preferences - INFO - Préférences utilisateur chargées avec succès
2025-07-29 02:05:15,151 - hrneowave.gui.main_window - INFO - Début de la construction de l'interface...
2025-07-29 02:05:15,265 - hrneowave.gui.view_manager - INFO - Signaux unifiés non disponibles
2025-07-29 02:05:15,265 - hrneowave.gui.view_manager - INFO - ViewManager initialisé
2025-07-29 02:05:15,265 - hrneowave.gui.main_window - INFO - Création et enregistrement des vues v2
2025-07-29 02:05:15,291 - hrneowave.gui.view_manager - INFO - Vue 'welcome' enregistrée avec succès dans le QStackedWidget à l'index 0
2025-07-29 02:05:15,324 - hrneowave.gui.view_manager - INFO - Vue 'dashboard' enregistrée avec succès dans le QStackedWidget à l'index 1
2025-07-29 02:05:15,340 - hrneowave.gui.view_manager - INFO - Changement vers la vue 'welcome'
2025-07-29 02:05:15,343 - hrneowave.gui.components.breadcrumbs - INFO - Étape actuelle mise à jour: welcome
2025-07-29 02:05:15,344 - hrneowave.gui.main_window - INFO - Interface construite avec succès
2025-07-29 02:05:15,344 - hrneowave.gui.main_window - INFO - Configuration des connexions...
2025-07-29 02:05:15,345 - hrneowave.gui.main_window - INFO - Connexions configurées avec succès
2025-07-29 02:05:15,345 - hrneowave.gui.main_window - INFO - Configuration des indicateurs de statut...
2025-07-29 02:05:15,345 - hrneowave.gui.main_window - INFO - Indicateurs de statut configurés avec succès
2025-07-29 02:05:15,346 - hrneowave.gui.main_window - INFO - Installation de l'aide contextuelle...
2025-07-29 02:05:15,346 - hrneowave.gui.main_window - INFO - Aide contextuelle installée avec succès
2025-07-29 02:05:15,346 - hrneowave.gui.main_window - INFO - Interface utilisateur v2 chargée avec succès
2025-07-29 02:13:17,232 - hrneowave.gui.styles.theme_manager - INFO - Chargement du thème 'maritime_modern'
2025-07-29 02:13:17,232 - hrneowave.gui.styles.theme_manager - INFO - Animations maritimes chargées
2025-07-29 02:13:17,234 - hrneowave.gui.styles.theme_manager - INFO - Thème 'maritime_modern' appliqué avec succès.
2025-07-29 02:13:19,009 - hrneowave.core.signal_bus - INFO - PySide6 imported
2025-07-29 02:13:19,169 - hrneowave.gui.main_window - WARNING - Système d'animations Phase 6 non disponible
2025-07-29 02:13:19,259 - hrneowave.gui.preferences.user_preferences - INFO - Préférences utilisateur chargées avec succès
2025-07-29 02:13:19,259 - hrneowave.gui.main_window - INFO - Début de la construction de l'interface...
2025-07-29 02:13:19,809 - hrneowave.gui.view_manager - INFO - Signaux unifiés non disponibles
2025-07-29 02:13:19,809 - hrneowave.gui.view_manager - INFO - ViewManager initialisé
2025-07-29 02:13:19,809 - hrneowave.gui.main_window - INFO - Création et enregistrement des vues v2
2025-07-29 02:13:19,904 - hrneowave.gui.view_manager - INFO - Vue 'welcome' enregistrée avec succès dans le QStackedWidget à l'index 0
2025-07-29 02:13:19,976 - hrneowave.gui.view_manager - INFO - Vue 'dashboard' enregistrée avec succès dans le QStackedWidget à l'index 1
2025-07-29 02:13:19,976 - hrneowave.gui.view_manager - INFO - Changement vers la vue 'welcome'
2025-07-29 02:13:19,976 - hrneowave.gui.components.breadcrumbs - INFO - Étape actuelle mise à jour: welcome
2025-07-29 02:13:19,976 - hrneowave.gui.main_window - INFO - Interface construite avec succès
2025-07-29 02:13:19,976 - hrneowave.gui.main_window - INFO - Configuration des connexions...
2025-07-29 02:13:19,976 - hrneowave.gui.main_window - INFO - Connexions configurées avec succès
2025-07-29 02:13:19,976 - hrneowave.gui.main_window - INFO - Configuration des indicateurs de statut...
2025-07-29 02:13:19,976 - hrneowave.gui.main_window - INFO - Indicateurs de statut configurés avec succès
2025-07-29 02:13:19,976 - hrneowave.gui.main_window - INFO - Installation de l'aide contextuelle...
2025-07-29 02:13:19,986 - hrneowave.gui.main_window - INFO - Aide contextuelle installée avec succès
2025-07-29 02:13:19,986 - hrneowave.gui.main_window - INFO - Interface utilisateur v2 chargée avec succès
2025-07-29 02:15:09,300 - hrneowave.gui.styles.theme_manager - INFO - Chargement du thème 'maritime_modern'
2025-07-29 02:15:09,300 - hrneowave.gui.styles.theme_manager - INFO - Animations maritimes chargées
2025-07-29 02:15:09,300 - hrneowave.gui.styles.theme_manager - INFO - Thème 'maritime_modern' appliqué avec succès.
2025-07-29 02:15:10,051 - hrneowave.core.signal_bus - INFO - PySide6 imported
2025-07-29 02:15:10,109 - hrneowave.gui.main_window - WARNING - Système d'animations Phase 6 non disponible
2025-07-29 02:15:10,132 - hrneowave.gui.preferences.user_preferences - INFO - Préférences utilisateur chargées avec succès
2025-07-29 02:15:10,135 - hrneowave.gui.main_window - INFO - Début de la construction de l'interface...
2025-07-29 02:15:10,217 - hrneowave.gui.view_manager - INFO - Signaux unifiés non disponibles
2025-07-29 02:15:10,217 - hrneowave.gui.view_manager - INFO - ViewManager initialisé
2025-07-29 02:15:10,217 - hrneowave.gui.main_window - INFO - Création et enregistrement des vues v2
2025-07-29 02:15:10,248 - hrneowave.gui.view_manager - INFO - Vue 'welcome' enregistrée avec succès dans le QStackedWidget à l'index 0
2025-07-29 02:15:10,283 - hrneowave.gui.view_manager - INFO - Vue 'dashboard' enregistrée avec succès dans le QStackedWidget à l'index 1
2025-07-29 02:15:10,287 - hrneowave.gui.view_manager - INFO - Changement vers la vue 'welcome'
2025-07-29 02:15:10,287 - hrneowave.gui.components.breadcrumbs - INFO - Étape actuelle mise à jour: welcome
2025-07-29 02:15:10,287 - hrneowave.gui.main_window - INFO - Interface construite avec succès
2025-07-29 02:15:10,287 - hrneowave.gui.main_window - INFO - Configuration des connexions...
2025-07-29 02:15:10,287 - hrneowave.gui.main_window - INFO - Connexions configurées avec succès
2025-07-29 02:15:10,287 - hrneowave.gui.main_window - INFO - Configuration des indicateurs de statut...
2025-07-29 02:15:10,287 - hrneowave.gui.main_window - INFO - Indicateurs de statut configurés avec succès
2025-07-29 02:15:10,287 - hrneowave.gui.main_window - INFO - Installation de l'aide contextuelle...
2025-07-29 02:15:10,287 - hrneowave.gui.main_window - INFO - Aide contextuelle installée avec succès
2025-07-29 02:15:10,287 - hrneowave.gui.main_window - INFO - Interface utilisateur v2 chargée avec succès
2025-07-29 02:17:38,635 - hrneowave.gui.styles.theme_manager - INFO - Chargement du thème 'maritime_modern'
2025-07-29 02:17:38,636 - hrneowave.gui.styles.theme_manager - INFO - Animations maritimes chargées
2025-07-29 02:17:38,637 - hrneowave.gui.styles.theme_manager - INFO - Thème 'maritime_modern' appliqué avec succès.
2025-07-29 02:17:39,238 - hrneowave.core.signal_bus - INFO - PySide6 imported
2025-07-29 02:17:39,304 - hrneowave.gui.main_window - WARNING - Système d'animations Phase 6 non disponible
2025-07-29 02:17:39,322 - hrneowave.gui.preferences.user_preferences - INFO - Préférences utilisateur chargées avec succès
2025-07-29 02:17:39,322 - hrneowave.gui.main_window - INFO - Début de la construction de l'interface...
2025-07-29 02:17:39,409 - hrneowave.gui.view_manager - INFO - Signaux unifiés non disponibles
2025-07-29 02:17:39,409 - hrneowave.gui.view_manager - INFO - ViewManager initialisé
2025-07-29 02:17:39,425 - hrneowave.gui.main_window - INFO - Création et enregistrement des vues v2
2025-07-29 02:17:39,436 - hrneowave.gui.view_manager - INFO - Vue 'welcome' enregistrée avec succès dans le QStackedWidget à l'index 0
2025-07-29 02:17:39,491 - hrneowave.gui.view_manager - INFO - Vue 'dashboard' enregistrée avec succès dans le QStackedWidget à l'index 1
2025-07-29 02:17:39,493 - hrneowave.gui.view_manager - INFO - Changement vers la vue 'welcome'
2025-07-29 02:17:39,494 - hrneowave.gui.components.breadcrumbs - INFO - Étape actuelle mise à jour: welcome
2025-07-29 02:17:39,495 - hrneowave.gui.main_window - INFO - Interface construite avec succès
2025-07-29 02:17:39,495 - hrneowave.gui.main_window - INFO - Configuration des connexions...
2025-07-29 02:17:39,495 - hrneowave.gui.main_window - INFO - Connexions configurées avec succès
2025-07-29 02:17:39,497 - hrneowave.gui.main_window - INFO - Configuration des indicateurs de statut...
2025-07-29 02:17:39,498 - hrneowave.gui.main_window - INFO - Indicateurs de statut configurés avec succès
2025-07-29 02:17:39,498 - hrneowave.gui.main_window - INFO - Installation de l'aide contextuelle...
2025-07-29 02:17:39,498 - hrneowave.gui.main_window - INFO - Aide contextuelle installée avec succès
2025-07-29 02:17:39,498 - hrneowave.gui.main_window - INFO - Interface utilisateur v2 chargée avec succès
2025-07-29 02:26:19,159 - hrneowave.gui.styles.theme_manager - INFO - Chargement du thème 'maritime_modern'
2025-07-29 02:26:19,159 - hrneowave.gui.styles.theme_manager - INFO - Animations maritimes chargées
2025-07-29 02:26:19,159 - hrneowave.gui.styles.theme_manager - INFO - Thème 'maritime_modern' appliqué avec succès.
2025-07-29 02:26:20,909 - hrneowave.core.signal_bus - INFO - PySide6 imported
2025-07-29 02:26:21,010 - hrneowave.gui.main_window - WARNING - Système d'animations Phase 6 non disponible
2025-07-29 02:26:21,053 - hrneowave.gui.preferences.user_preferences - INFO - Préférences utilisateur chargées avec succès
2025-07-29 02:26:21,054 - hrneowave.gui.main_window - INFO - Début de la construction de l'interface...
2025-07-29 02:26:21,425 - hrneowave.gui.view_manager - INFO - Signaux unifiés non disponibles
2025-07-29 02:26:21,425 - hrneowave.gui.view_manager - INFO - ViewManager initialisé
2025-07-29 02:26:21,425 - hrneowave.gui.main_window - INFO - Création et enregistrement des vues v2
2025-07-29 02:26:21,474 - hrneowave.gui.view_manager - INFO - Vue 'welcome' enregistrée avec succès dans le QStackedWidget à l'index 0
2025-07-29 02:26:21,526 - hrneowave.gui.view_manager - INFO - Vue 'dashboard' enregistrée avec succès dans le QStackedWidget à l'index 1
2025-07-29 02:26:21,526 - hrneowave.gui.view_manager - INFO - Changement vers la vue 'welcome'
2025-07-29 02:26:21,536 - hrneowave.gui.components.breadcrumbs - INFO - Étape actuelle mise à jour: welcome
2025-07-29 02:26:21,536 - hrneowave.gui.main_window - INFO - Interface construite avec succès
2025-07-29 02:26:21,536 - hrneowave.gui.main_window - INFO - Configuration des connexions...
2025-07-29 02:26:21,536 - hrneowave.gui.main_window - INFO - Connexions configurées avec succès
2025-07-29 02:26:21,536 - hrneowave.gui.main_window - INFO - Configuration des indicateurs de statut...
2025-07-29 02:26:21,536 - hrneowave.gui.main_window - INFO - Indicateurs de statut configurés avec succès
2025-07-29 02:26:21,536 - hrneowave.gui.main_window - INFO - Installation de l'aide contextuelle...
2025-07-29 02:26:21,536 - hrneowave.gui.main_window - INFO - Aide contextuelle installée avec succès
2025-07-29 02:26:21,536 - hrneowave.gui.main_window - INFO - Interface utilisateur v2 chargée avec succès
2025-07-29 02:26:25,426 - hrneowave.gui.view_manager - ERROR - Vue 'calibration' non trouvée
2025-07-29 02:26:25,426 - hrneowave.gui.main_window - INFO - Navigation vers la vue: 'calibration'
2025-07-29 02:26:25,426 - hrneowave.gui.components.breadcrumbs - INFO - Étape actuelle mise à jour: calibration
2025-07-29 02:26:26,226 - hrneowave.gui.view_manager - ERROR - Vue 'acquisition' non trouvée
2025-07-29 02:26:26,226 - hrneowave.gui.main_window - INFO - Navigation vers la vue: 'acquisition'
2025-07-29 02:26:26,226 - hrneowave.gui.components.breadcrumbs - INFO - Étape actuelle mise à jour: acquisition
2025-07-29 02:26:27,676 - hrneowave.gui.view_manager - ERROR - Vue 'analysis' non trouvée
2025-07-29 02:26:27,676 - hrneowave.gui.main_window - INFO - Navigation vers la vue: 'analysis'
2025-07-29 02:26:27,676 - hrneowave.gui.components.breadcrumbs - INFO - Étape actuelle mise à jour: analysis
2025-07-29 02:26:28,425 - hrneowave.gui.main_window - WARNING - Tentative de naviguer vers une vue inconnue: 'report'
2025-07-29 02:26:29,301 - hrneowave.gui.main_window - WARNING - Tentative de naviguer vers une vue inconnue: 'preferences'
2025-07-29 02:26:30,144 - hrneowave.gui.main_window - WARNING - Tentative de naviguer vers une vue inconnue: 'help'
2025-07-29 02:26:32,437 - hrneowave.gui.view_manager - INFO - Changement vers la vue 'dashboard'
2025-07-29 02:26:32,437 - hrneowave.gui.main_window - INFO - Navigation vers la vue: 'dashboard'
2025-07-29 02:26:32,437 - hrneowave.gui.components.breadcrumbs - INFO - Étape actuelle mise à jour: project
2025-07-29 02:26:46,541 - hrneowave.gui.view_manager - ERROR - Vue 'calibration' non trouvée
2025-07-29 02:26:46,541 - hrneowave.gui.main_window - INFO - Navigation vers la vue: 'calibration'
2025-07-29 02:26:46,541 - hrneowave.gui.components.breadcrumbs - INFO - Étape actuelle mise à jour: calibration
2025-07-29 02:26:48,383 - hrneowave.gui.view_manager - INFO - Changement vers la vue 'dashboard'
2025-07-29 02:26:48,383 - hrneowave.gui.main_window - INFO - Navigation vers la vue: 'dashboard'
2025-07-29 02:26:48,386 - hrneowave.gui.components.breadcrumbs - INFO - Étape actuelle mise à jour: project
2025-07-29 02:26:48,743 - hrneowave.gui.view_manager - ERROR - Vue 'calibration' non trouvée
2025-07-29 02:26:48,744 - hrneowave.gui.main_window - INFO - Navigation vers la vue: 'calibration'
2025-07-29 02:26:48,745 - hrneowave.gui.components.breadcrumbs - INFO - Étape actuelle mise à jour: calibration
2025-07-29 02:26:49,321 - hrneowave.gui.view_manager - ERROR - Vue 'acquisition' non trouvée
2025-07-29 02:26:49,321 - hrneowave.gui.main_window - INFO - Navigation vers la vue: 'acquisition'
2025-07-29 02:26:49,324 - hrneowave.gui.components.breadcrumbs - INFO - Étape actuelle mise à jour: acquisition
2025-07-29 02:26:50,459 - hrneowave.gui.view_manager - ERROR - Vue 'analysis' non trouvée
2025-07-29 02:26:50,459 - hrneowave.gui.main_window - INFO - Navigation vers la vue: 'analysis'
2025-07-29 02:26:50,459 - hrneowave.gui.components.breadcrumbs - INFO - Étape actuelle mise à jour: analysis
2025-07-29 02:26:50,885 - hrneowave.gui.main_window - WARNING - Tentative de naviguer vers une vue inconnue: 'report'
2025-07-29 02:26:59,780 - hrneowave.gui.styles.theme_manager - INFO - Chargement du thème 'maritime_modern'
2025-07-29 02:26:59,781 - hrneowave.gui.styles.theme_manager - INFO - Animations maritimes chargées
2025-07-29 02:26:59,782 - hrneowave.gui.styles.theme_manager - INFO - Thème 'maritime_modern' appliqué avec succès.
2025-07-29 02:27:00,534 - hrneowave.core.signal_bus - INFO - PySide6 imported
2025-07-29 02:27:00,600 - hrneowave.gui.main_window - WARNING - Système d'animations Phase 6 non disponible
2025-07-29 02:27:00,620 - hrneowave.gui.preferences.user_preferences - INFO - Préférences utilisateur chargées avec succès
2025-07-29 02:27:00,620 - hrneowave.gui.main_window - INFO - Début de la construction de l'interface...
2025-07-29 02:27:00,746 - hrneowave.gui.view_manager - INFO - Signaux unifiés non disponibles
2025-07-29 02:27:00,746 - hrneowave.gui.view_manager - INFO - ViewManager initialisé
2025-07-29 02:27:00,747 - hrneowave.gui.main_window - INFO - Création et enregistrement des vues v2
2025-07-29 02:27:00,780 - hrneowave.gui.view_manager - INFO - Vue 'welcome' enregistrée avec succès dans le QStackedWidget à l'index 0
2025-07-29 02:27:00,824 - hrneowave.gui.view_manager - INFO - Vue 'dashboard' enregistrée avec succès dans le QStackedWidget à l'index 1
2025-07-29 02:27:00,825 - hrneowave.gui.view_manager - INFO - Changement vers la vue 'welcome'
2025-07-29 02:27:00,827 - hrneowave.gui.components.breadcrumbs - INFO - Étape actuelle mise à jour: welcome
2025-07-29 02:27:00,827 - hrneowave.gui.main_window - INFO - Interface construite avec succès
2025-07-29 02:27:00,827 - hrneowave.gui.main_window - INFO - Configuration des connexions...
2025-07-29 02:27:00,827 - hrneowave.gui.main_window - INFO - Connexions configurées avec succès
2025-07-29 02:27:00,827 - hrneowave.gui.main_window - INFO - Configuration des indicateurs de statut...
2025-07-29 02:27:00,827 - hrneowave.gui.main_window - INFO - Indicateurs de statut configurés avec succès
2025-07-29 02:27:00,828 - hrneowave.gui.main_window - INFO - Installation de l'aide contextuelle...
2025-07-29 02:27:00,828 - hrneowave.gui.main_window - INFO - Aide contextuelle installée avec succès
2025-07-29 02:27:00,828 - hrneowave.gui.main_window - INFO - Interface utilisateur v2 chargée avec succès
2025-07-29 22:29:21,161 - hrneowave.gui.styles.theme_manager - INFO - Chargement du thème 'maritime_modern'
2025-07-29 22:29:21,162 - hrneowave.gui.styles.theme_manager - INFO - Animations maritimes chargées
2025-07-29 22:29:21,167 - hrneowave.gui.styles.theme_manager - INFO - Thème 'maritime_modern' appliqué avec succès.
